=== 과거 요약 (1~30회차, 2026-07-11T03:25:00Z ~ 2026-07-18T06:39:37Z) ===
automation_summary.log가 20KB 압축 임계값을 다시 넘어 이 구간을 압축함. 원문 전체는 `AUTOMATION_SUMMARY_ARCHIVE_20260713.log`(1~8회차),
`AUTOMATION_SUMMARY_ARCHIVE_20260715.log`(9~10회차+누적패턴트래커), `AUTOMATION_SUMMARY_ARCHIVE_20260715B.log`(1~10회차 재요약본+11~15회차 상세),
`AUTOMATION_SUMMARY_ARCHIVE_20260716.log`(16~22회차 상세), `AUTOMATION_SUMMARY_ARCHIVE_20260716B.log`(23~26회차 상세),
`AUTOMATION_SUMMARY_ARCHIVE_20260718B.log`(27~30회차 상세), `AUTOMATION_SUMMARY_ARCHIVE_20260719.log`(31~32회차 상세, 이번에 압축) 참고.
1~4회차: 표본 0건(신버전 배포 대기) → DailyLossLimitUsdt(당시20) 미끼손실로 소진, 사람이 30으로 상향.
5~10회차: C가 6사이클 연속 우위(paper), 트레일링 giveback 35%초과 반복, 9회차에 paper/실측 괴리 최초 제기(⚠️전략재검토필요 최초 발동) → 10회차엔 방향 재합치.
11회차(3건): C_paper/A_Est/실측 전부 방향 일치, 트레일링 giveback 재초과.
12회차(5건): C+0.589%/60%(DODOXUSDT 견인)로 7사이클 연속 C우위, 역대 최고평균. 실측도 방향 일치.
13회차(4건, 최소기준미달): 처음으로 A_Est가 paper C를 근소 상회(SENTUSDT 단일 대형손실 주도, 근거 약함).
14회차(8건): A_Est가 C를 상회하는 현상 13→14 2연속 재현(순위 A_Est>C>B). 트레일링 5건중4건 35%초과(1000XECUSDT/THEUSDT는 200~397%로 역대최고 반전). Trend30Pct 필드 최초 유효표본(n=2) 등장.
15회차(1건): "A_Est가 C상회"가 반대(C우위)로 나타났으나 n=1이라 판단불가.
16회차(4건): "A_Est가 C상회" 3/3(13,14,16회차, 15회차만 예외) 재현. 실측 4건중3건 paper와 부호일치. 트레일링 giveback 0건(TrailMinPeakPct 미달로 미무장). GWEIUSDT 최근7사이클 6스킵+1손실 전패 관찰 → 사람과의 대화 세션(2026-07-15) 코드패치 3건으로 이어짐: (a) B_ProfitPct_Est 펀딩비 누락 버그 수정(패치 이전 레코드는 저평가, 섞어 평균내지 않기), (b) tick/price 비율 필터 도입(MaxTickPriceRatioPct 0.1%, GWEIUSDT 배제), (c) 펀딩비크기↔반락폭 상관 최초검증(n=76, 상관계수0.43).
17회차(2건, 최소기준미달): 코드패치 배포 확인(빌드 2026-07-15 03:11:30Z) — tick/price 필터 실제 작동 확인(GWEIUSDT 즉시 후보 배제 시작), B_Est 신규 2건 모두 양수(버그수정 지지 방향, n=2). PreTrendSkip 로깅 "누락"은 버그 아니라 기존 설계(정산트리거 미수신 시 미기록)로 규명.
18회차(0건): trade/skip 신규 라인 없음, 인프라 정상. GWEIUSDT 필터 3회 연속 배제 재확인.
19회차(0건): analyze_cycle.ps1 인코딩버그(BOM누락)·배열언랩버그 수정. .ui 로그에서 신규 인프라 이상 2건 발견(skipped_results.jsonl IOException 파일잠금 1회, "Collection was modified" 스캔예외 1회) — 둘 다 스레드안전성 .cs 버그 추정이나 권한 밖, 사람에게 플래그만.
20회차(0건, 수동실행): 19회차 발견 인프라 이상 2건 재발 없음 확인. automation_summary.log 20KB 초과로 1~15회차 압축(→AUTOMATION_SUMMARY_ARCHIVE_20260715B.log).
21회차(4건): paper C-0.164%/승률50% vs A_Est+0.069%/승률100% vs B_Est+0.111%/승률75% — "A_Est가 C상회" 4/4 누적(13·14·16·21회차). 1000XECUSDT 트레일링 giveback 600.0%(역대최고 경신)+같은 종목 MaxHoldMs타임아웃. 추세약함→B유리 가설 1건 추가.
22회차(3건, 최소기준미달): A_Est 3건 전부 정확히 0 — SnapAPrice=SnapBPrice(갭0.0000%)로 인한 산술적 결과임을 `.ui` 로그로 확인, "A_Est가 C상회" 누적(4/4)에 가산 안 함. 정산직전갭0%→모멘텀無→MaxHoldMs타임아웃 가설(n=3) 및 추세약함→B유리 가설(누적4건) 제기. 인프라 이상 재발 없음.
23회차(3건): C-0.4154%/승률0% vs A_Est-0.0185%(아티팩트2건 미가산) vs B_Est-0.0816%/승률33%. 1000XECUSDT 트레일링 giveback 400%/300% 재초과, HOMEUSDT MaxHoldMs 최대실손실. 추세약함→B유리 누적6건.
24회차(0건): 표본없음.
25회차(2건): C+0.1436%/승률100% vs A_Est-0.0405% vs B_Est+0.1090%/승률100% — "A_Est가 C상회" 4/4 누적판단과 정반대 첫 등장(n=2). 1000XECUSDT giveback 33.3%로 처음 35%문턱 이하. 추세약함→B유리 누적7건.
26회차(5건+skip2건): C+0.0157%/승률40% vs A_Est+0.1041%/승률60% vs B_Est-0.2082%/승률20% — "A_Est가 C상회" 다시 3/4 복귀. FLOCKUSDT 강한추세→모멘텀오탐 가설 지지. HOMEUSDT 무추세+MaxHoldMs타임아웃 신규유형 & 추세약함→B유리 첫 명시적 반례. 트레일링 2건 재초과.
27회차(4건 미달): "A_Est가 C상회" 다시 2/3로 C상회쪽 반전(25·26·27회차 사이클마다 방향 진동 확정). 🎉 SnapA_EventTime/SnapB_EventTime/SnapSameTick 패치 최초 배포 확인 — SnapSameTick=false인데 SnapAPrice=SnapBPrice인 케이스는 아티팩트 아닌 "진짜 무변동값"으로 최초 실증(1000BONKUSDT/TLMUSDT), 이후 SnapSameTick=true만 A_Est 배제 대상으로 판별기준 확정. 추세약함→B유리 2번째 반례(HOMEUSDT). 트레일링 2건 재초과(83.3%/72.7%). ⚠️ 1000BONKUSDT(2026-07-16T16:00:10Z) Actual_ProfitPct null 최초 관측.
28회차(4건 미달, +skip3건): A_Est vs C 레코드기준 2:2 혼재(평균은 C우위) — "A/C 구조적 우열 없음, 노이즈로 갈린다" 가설로 무게중심 이동 시작. 추세약함→B유리 재지지(HOMEUSDT 반례→지지 복귀). ⚠️ EBAYUSDT에서 07-15 버그수정 이래 최초 양수펀딩 표본(n=1) 등장. 트레일링 신규2건 중 OGNUSDT giveback33.3%(35%문턱 이하 2번째 사례). 1000BONKUSDT null 8.5시간 경과 후에도 지속.
29회차(2건 대폭미달): "A/C 구조적 우열 없음" 잠정결론 유지(n=2라 판단 근거 추가 안 됨). FLOCKUSDT "강한추세→모멘텀오탐" 가설 2회째 지지(26회차와 동일 심볼). 트레일링 FLOCKUSDT giveback42.9% 재초과. 1000BONKUSDT null 14시간 경과 후에도 지속, 인프라 이슈로 격상.
30회차(10건+skip3건, 최소기준 첫 충족, 사람 수동기동으로 24시간 누적): "A_Est가 C상회" 5:4 초박빙 — 28·29회차 "구조적 우열 없음" 결론 재확인. 추세약함→B유리/추세강함→C유리 대비 이번에도 일관 부합(25~30회차 누적 지지, 신뢰도 계속 상승). 펀딩비크기 3구간 비단조(TOSHIUSDT 스킵시뮬 C_Sim=+1.3111% 단일극단치 견인) — 반복여부 추적 시작. 트레일링 신규6건 방향 혼재(초과3/이하2/역전1). ⚠️ 1000BONKUSDT null 28·29·30회차 3회 연속 확인, 사람 확인 필요 상태로 대기. Collection was modified 스캔예외 누적 4회(권한밖 플래그만).
공통결론(1~30회차): 파라미터 변경 없음 유지("확신 없으면 안 바꾼다" 원칙, strategy_config_history.jsonl 여전히 2026-07-10 초기값 1건뿐, 30회차 연속). ⚠️ "A_Est가 C상회" 판단은 13·14·16·21회차 4/4 누적 이후 25~30회차에 걸쳐 방향이 계속 뒤집히거나 초박빙(5:4)으로 나와 "구조적 우열 없음, 트레이드마다 노이즈로 갈린다"는 가설이 현재 무게중심. 추세약함→B유리/추세강함→C유리 대비는 25~30회차 걸쳐 매우 일관되게 지지되는 중(가장 신뢰도 높은 가설). ⚠️ 1000BONKUSDT(2026-07-16T16:00:10Z) Actual null이 28·29·30회차 3연속 고착 확인 — 사람과의 대화 세션에서 직접 확인 필요.

31회차(상세는 backup/AUTOMATION_SUMMARY_ARCHIVE_20260719.log): trade9건+skip5건. "A_Est가 C상회" 누적 7:5(동률2)로 "구조적 우열 없음" 재확인. 추세약함→B유리/추세강함→C유리 7연속 지지. FWDIUSDT(+0.9526%) 양수펀딩 2번째 등장. 트레일링 신규3건 전부 35%초과. 1000BONKUSDT null 4회 연속.
32회차(상세는 backup/AUTOMATION_SUMMARY_ARCHIVE_20260719.log): trade3건+skip1건. "A_Est가 C상회" 누적 정확히 7:7(동률3)로 균형점. 추세약함→B유리 8연속(단 추세강함→C유리 대조는 FWDIUSDT 극단펀딩으로 왜곡). 양수펀딩 누적3건 중 2건 FWDIUSDT 동일심볼(편중주의). 트레일링 신규2건 혼재. analyze_cycle.ps1 skipped count=1일때 공백표시버그 발견(미수정). 1000BONKUSDT null 5회 연속.

[2026-07-19T09:36:32+09:00] 33회차 - 표본: 진짜 신규 trade 1건(TOSHIUSDT/bait) + skip 5건(TOSHIUSDT·VANRYUSDT/MomentumNotConfirmed, TLMUSDT×2·ESPORTSUSDT/PreTrendSkip) = 6건. 기간: 32회차 컷오프 2026-07-18T18:36:53Z ~ 2026-07-19T00:36:32Z UTC(약 6시간). analyze_cycle.ps1 기본 12시간 창은 32회차와 겹쳐 폐기, -SinceHours 6으로 재실행 후 Timestamp 직접대조로 신규 6건 확정(중복 없음). trade 1건은 최소기준(5건) 크게 미달로 파라미터 변경 없음. ⚠️ 이번엔 스크립트 출력에서 trade_results 신규건수가 공백으로 표시되는 버그 재현(32회차 skipped 쪽 버그와 동일 계열이나 이번엔 trade 쪽) - 직접 파일 대조로 우회, 미수정.
A/B/C 비교(trade 1건, paper): C=-0.1681%/승률0%(0/1, MaxHoldMs 타임아웃) vs A_Est=+0.1593%/승률100%(1/1) vs B_Est=+0.0451%/승률100%(1/1) - n=1이라 방향성 판단에 쓰지 않음. 실측 전부 null(정산 직후 미반영 추정) - 실측 비교 불가.
"A_Est가 C상회" 누적판단: 이번 1건(TOSHIUSDT trade)에서 A_Est(0.1593%)가 C(-0.1681%)를 상회 - 32회차까지 정확히 7:7(동률3)이던 누적이 8:7(동률3)로 A쪽에 근소 이동, 여전히 사실상 동률 수준이라 "구조적 우열 없음" 가설 유지.
발견한 패턴: (1) Trend30Pct 3구간(trade+skip 합산 6건, 각n=2): 약한추세 C평균=0.1781% vs B_Est=0.1882%(B근소우위), 중간추세 C=0.0313% vs B_Est=0.2318%(B우위, 원래 애매한 구간), 강한추세 C=0.4695% vs B_Est=0.2238%(C우위) - "추세약함→B유리/추세강함→C유리" 양끝 구간에서 9연속 재지지(각 구간 n=2뿐이라 PreTrendSkipPct 조정 실행에는 아직 이름). ⚠️ analyze_cycle.ps1이 출력하는 구간별 승률(약한/중간=0%, 강한=100%)이 개별 레코드의 실제 C값 부호와 안 맞는 경우 발견 - 평균값은 수동검산 결과 정확했으나 승률 계산 로직에 별도 버그가 있는 것으로 추정, 원인 미특정 상태로 "평균은 신뢰, 승률표시는 의심"으로만 기록. (2) B전략 유리조건 대조군: Trend30<0.05 해당 VANRYUSDT 1건(B_Est+0.0905% vs C_Sim-0.1363%, B우위) vs Trend30>0.2 대조군 4건(C평균+0.2504% vs B_Est평균+0.2238%, C우위) - 방향은 가설과 일치하나 표본 작아 결론 유보. (3) 이번 6건 전부 음수펀딩 - 신규 양수펀딩 표본 없음, 누적 3건(심볼 2종)에서 정체. (4) MaxHoldMs타임아웃 신규1건(TOSHIUSDT trade, Trend30=0.2939로 중간강도추세) - 32회차 TLMUSDT 사례에 이어 "중간추세 타임아웃" 계열 2회 연속 재확인. (5) 트레일링청산 신규 0건(유일한 trade가 타임아웃 청산) - 판단재료 추가 없음. (6) 펀딩비크기 3구간(각n=2) 저/중/고 평균 0.3327%→0.3616%→-0.0154%로 고구간 하락, 기존 가설과 반대방향이나 표본부족(n=2)으로 판단보류.
파라미터 변경: 없음 - trade 신규 1건으로 최소기준(5건) 크게 미달, "확신 없으면 안 바꾼다" 원칙 유지.
롤백: 해당없음 - strategy_config_history.jsonl 여전히 2026-07-10 초기값 1건뿐(33회차 연속 무변경).
⚠️ 인프라 확인 - 사람에게 보고 필요: (1) 1000BONKUSDT(2026-07-16T16:00:10Z) Actual null이 이번 회차(약 56시간 경과)에도 여전히 null - 28~32회차에 이어 6회 연속 확인, 최우선 순위 유지, 다음 사람과의 대화 세션에서 반드시 직접 확인 필요. (2) Collection was modified 스캔예외를 이번 6시간 창(20260718.ui KST 03:36~24:00 + 20260719.ui KST 00:00~09:36)에서 재검색한 결과 신규 발생 0건, 누적 4회 그대로(기존 2건은 이번 창 이전 시각인 00:59:59/08:59:59). (3) 거래중단/DailyLoss 키워드 매치 없음, 일일손실한도 소진 없음.
다음 사이클이 알아야 할 것: "A_Est가 C상회" 누적 8:7(동률3)로 A쪽 근소 이동했으나 사실상 동률 - "구조적 우열 없음" 전제 유지. 추세약함→B유리/추세강함→C유리는 9연속 지지나 각 구간 n=2뿐이라 PreTrendSkipPct 조정 실행은 아직 이름, 표본 더 쌓일 때까지 대기. analyze_cycle.ps1의 구간별 승률표시 버그(원인 미특정) + trade_results 신규건수=1일때 공백표시버그(32회차 skipped 버그와 동일 계열) - 다음에 여유있으면 두 건 함께 점검할 것. 양수펀딩 표본 누적 3건(심볼 2종)에서 변동 없음 - 계속 추적. 트레일링 giveback 신규 데이터 없음 - 판단보류 유지. 1000BONKUSDT null 6회 연속(28~33회차) - 최우선 순위로 사람 확인 필요(경과시간 계속 증가 중).
