[2026-07-16T12:37:00Z] 1회차 - 신규 105건/스킵 4001건 - ExitReason TRAIL 29/SL 62/TIMEOUT 14 - 순손익 -13.46USDT(드라이런) - 변경: SpikeThresholdPct 0.8→0.9 제안(권한차단으로 미반영 확인됨, 2회차에서 재확인 필요)
[2026-07-16T13:05:00Z] 2회차 - 신규 22건/스킵 585건 - ExitReason TRAIL 6/SL 11/TIMEOUT 5 - 순손익 -5.28USDT(드라이런, 슬리피지 이상치 3건 제외시 +0.85) - 변경: SpikeThresholdPct 0.8→0.9 실제반영(1회차 미반영분 정식적용)
[2026-07-16T13:55:00Z] 3회차 - 신규 122건/스킵 6206건 - ExitReason TRAIL 36/SL 82/TIMEOUT 6 - 순손익 -28.46USDT(드라이런, 슬리피지 이상치16건 제외시 -4.29) - 변경: TrailGivebackPct 30→25(TRAIL n=36 전건 목표초과, 지연오버슈트 보정) - 🚨슬리피지 이상치 3→16건 확대, 사람 확인 요청
[2026-07-16T14:54:58Z] 4회차 - 신규 122건/스킵 3713건 - ExitReason TRAIL 28/SL 82/TIMEOUT 12 - 순손익 -39.09USDT(드라이런, 이상치37건 제외시 +1.97) - 변경: 없음(확신부족) - 🚨🚨슬리피지 이상치 16→37건(30.3%) 3연속 단조악화, 35/37이 PeakPct=0(진입가 이상 의심), 사람 확인 최우선 재요청
[2026-07-16T15:53:20Z] 5회차 - 신규 51건(21분 표본, 아래 참고)/스킵 4237건 - ExitReason TRAIL 20/SL 26/TIMEOUT 5 - 순손익 -9.16USDT(드라이런, 이상치9건 제외시 +0.49) - 변경: 없음(표본기간 단축+확신부족) - 🚨DailyLossLimitUsdt(100) 15:13Z 소진으로 UTC자정까지 신규진입 전면중단(설계대로 정상작동, 버그아님) - 슬리피지 이상치비율은 17.6%로 하락(3연속 악화 후 첫 반전, 단 표본기간 단축 영향 가능성) - TRAIL giveback은 평균67.2%로 오히려 악화(TrailGivebackPct 25 조정에도 개선無) - 이상치/giveback 디커플링 신규관찰, 사람 확인 요청
[2026-07-16T16:53:10Z] 6회차 - 신규 0건/스킵 4406건(전부 DailyLossLimit) - ExitReason 해당없음(표본0) - 순손익 해당없음 - 변경: 없음(표본없음, 5회차 예측대로 DailyLossLimit 여파 지속) - UTC자정 리셋까지 약7시간 남음, 다음 6~7회차도 표본부족 예상(정상 상태)
[2026-07-16T17:52:53Z] 7회차 - 신규 0건/스킵 3782건(전부 DailyLossLimit) - ExitReason 해당없음(표본0) - 순손익 해당없음 - 변경: 없음(표본없음, 6회차 예측대로 DailyLossLimit 여파 지속) - UTC자정 리셋까지 약6시간7분 남음
[2026-07-16T19:53:02Z] 8회차 - 신규 0건/스킵 7061건(전부 DailyLossLimit) - ExitReason 해당없음(표본0) - 순손익 해당없음 - 변경: 없음(표본없음, 7회차 예측대로 DailyLossLimit 여파 3연속 지속) - .ui 로그 예외 없음 확인, UTC자정 리셋까지 약4시간7분 남음
[2026-07-16T20:52:38Z] 9회차 - 신규 0건/스킵 2925건(전부 DailyLossLimit) - ExitReason 해당없음(표본0) - 순손익 해당없음 - 변경: 없음(표본없음, 8회차 예측대로 DailyLossLimit 여파 4연속 지속) - UTC자정 리셋까지 약3시간7분 남음
[2026-07-16T21:52:56Z] 10회차 - 신규 0건/스킵 1870건(전부 DailyLossLimit) - ExitReason 해당없음(표본0) - 순손익 해당없음 - 변경: 없음(표본없음, 9회차 예측대로 DailyLossLimit 여파 5연속 지속) - UTC자정 리셋까지 약2시간7분 남음
[2026-07-16T22:53:13Z] 11회차 - 신규 0건/스킵 2253건(전부 DailyLossLimit) - ExitReason 해당없음(표본0) - 순손익 해당없음 - 변경: 없음(표본없음, 10회차 예측대로 DailyLossLimit 여파 6연속 지속) - UTC자정 리셋까지 약1시간7분, 다음(12회차)에 리셋 걸쳐 실데이터 재개 여부 검증 예정
[2026-07-16T23:52:25Z] 12회차 - 신규 0건/스킵 2941건(전부 DailyLossLimit) - ExitReason 해당없음(표본0) - 순손익 해당없음 - 변경: 없음(표본없음, 11회차 예측대로 DailyLossLimit 여파 7연속 지속) - UTC자정 리셋까지 약8분, 이번 사이클은 리셋 직전이라 재개 검증은 13회차로 이월
[2026-07-17T00:56:56Z] 13회차 - 신규 104건/스킵 5189건(리셋후 첫 실데이터, DailyLossLimit잔여1628건은 리셋前분) - ExitReason TRAIL 36/SL 59/TIMEOUT 9 - 순손익 -65.81USDT(드라이런, 진입가스테일 이상치24건 제외시 -1.61로 사실상 손익분기) - 변경: 없음(손실 97.6%가 이상치 기여, config로 제어불가 판단) - 🚨🚨진입가 스테일 이상치 SL의 40.7%(24/59)로 4회차이후 최대규모, 전건 PeakPct=0, 최대 -32.3%(StopLoss 0.3%의 100배) - 🚨TRAIL giveback 평균70.2%(4회차60.3%보다 악화), PeakPct>2%대는 giveback~99% - 두 항목 다 폴링지연/진입가문제로 .cs코드 확인 필요, 사람 확인 요청
[2026-07-17T01:52:26Z] 14회차 - 신규 46건/스킵 4010건(01:12:43Z DailyLossLimit 재소진, 리셋후 1시간12분만) - ExitReason TRAIL 19/SL 24/TIMEOUT 3 - 순손익 -26.82USDT(드라이런, HOMEUSDT단일이상치 -12.95 제외시 -13.87로 여전히 마이너스) - 변경: 없음(SL52%지만 근본원인이 이상치+giveback붕괴로 확인, config로 제어불가) - 🚨🚨TRAIL giveback 평균95.6%(전건86~120%, 13회차70.2%보다 대폭악화, 고변동/저변동 구분없이 전반적으로 붕괴) - 🚨진입가 스테일 이상치 빈도는 감소(2.2%)했으나 단일거래가 전체손실의 48.3% 차지(심각도는 최대) - 둘 다 .cs코드 확인 필요, 사람 확인 재요청. DailyLossLimit 소진으로 다음 여러 사이클은 UTC자정(07-18)까지 표본공백 예상
[2026-07-17T02:52:11Z] 15회차 - 신규 0건/스킵 3834건(전부 DailyLossLimit) - ExitReason 해당없음(표본0) - 순손익 해당없음 - 변경: 없음(표본없음, 14회차 예측대로 DailyLossLimit 여파 재시작) - UTC자정(07-18) 리셋까지 약21시간 이상 남음, 6~12회차 패턴처럼 여러 사이클 표본공백 예상. .ui 로그 예외 없음 확인
[2026-07-17T03:55:23Z] 16회차 - 신규 80건/스킵 1340건(Cooldown54%/AlreadyActive44%/MaxConcurrent2%, DailyLossLimit 0건) - ExitReason TRAIL 18/SL 52/TIMEOUT 10 - 순손익 -6.284USDT(드라이런, 진입가스테일이상치24건 제외시 -0.461로 손익분기 근접) - 변경: 없음(손실92.6%가 스테일이상치+giveback붕괴, 둘다 config로 제어불가 재확인) - 🆕DailyLossLimit이 예상(UTC자정)보다 훨씬 빨리(재소진후 약1시간43분만) 해제됨, "UTC자정 고정리셋" 가정 재검토 필요 - 🚨🚨TRAIL giveback 정밀재계산 평균86.6%(범위85.0~93.8%, peak크기와 무관하게 좁게 수렴) - 13회차 "고변동=giveback심함" 가설과 반대방향, 폴링지연 가설에 더 무게, 사람 확인 재요청
[2026-07-17T04:52:33Z] 17회차 - 신규 68건/스킵 927건(Cooldown51%/AlreadyActive49%, DailyLossLimit·MaxConcurrent 0건) - ExitReason TRAIL 22/SL 35/TIMEOUT 11 - 순손익 +6.541USDT(드라이런, 5회차 이후 첫 플러스 전환, 스테일이상치20건 제외시 +10.942) - 변경: 없음(근본원인 스테일이상치29.4%+giveback붕괴85.9%가 그대로라 config 조정 근거 없음, 16회차와 거의 동일범위로 재확인) - TRAIL giveback 정밀재계산 평균85.88%(84.8~93.1%, 16회차 85.0~93.8%와 거의 완전 겹침, 폴링고정지연 가설 2연속 재확인) - Buy/Sell 편향 사실상 소멸(41.5%vs40.0%, 노이즈 결론)
[2026-07-17T05:54:08Z] 18회차 - 신규 75건/스킵 1599건(Cooldown42%/AlreadyActive37%/MaxConcurrent21%, DailyLossLimit 0건) - ExitReason TRAIL 29/SL 34/TIMEOUT 12 - 순손익 +21.244USDT(드라이런, 17회차 이어 2연속 플러스, 건별평균 3사이클 단조개선) - 변경: 없음(근본원인 그대로+MaxConcurrent21%는 과거 변동성 감안 1회로는 확신부족) - 🚨🚨🚨TRAIL giveback 84.70~90.18%(16·17회차와 거의 동일범위로 3연속 수렴) - "폴링고정지연" 가설 사실상 확정, 사람 재보고 필요
[2026-07-17T06:58:12Z] 19회차 - 신규 91건/스킵 1607건(Cooldown60%/AlreadyActive31%/MaxConcurrent9%, DailyLossLimit 0건) - ExitReason TRAIL 37/SL 42/TIMEOUT 12 - 순손익 +28.072USDT(드라이런, 17·18회차 이어 3연속 플러스, 건별평균 4사이클 단조개선하나 개선폭은 둔화) - 변경: 없음(SL46%중73.8%가 스테일이상치, giveback수렴은 이미 config무효 확인된 .cs이슈) - 🚨🚨🚨🚨TRAIL giveback 84.67~89.05%(16~19회차 4연속 84~94%수렴, 상단 점점 좁아짐) - "폴링고정지연" 가설 사실상 확정, 사람 1차 보고 완료 - 🚨진입가 스테일이상치 34.1%로 최고치 경신(완화추세 반전)
[2026-07-17T07:54:51Z] 20회차 - 신규 79건/스킵 1381건(AlreadyActive51%/Cooldown43%/MaxConcurrent6%, DailyLossLimit 0건) - ExitReason TRAIL 31/SL 34/TIMEOUT 14 - 순손익 +20.877USDT(드라이런, 4연속 플러스 유지되나 건별평균은 19회차 대비 첫 하락 +0.3085→+0.2643) - 변경: 없음(SL43%중67.6%가 스테일이상치, giveback수렴 5연속 84~94%는 기존 .cs이슈 판단 유지) - 🚨🚨🚨🚨🚨TRAIL giveback 84.68~92.06%(16~20회차 5연속 수렴, 단 상단 좁아지던 추세는 이번에 반등) - 진입가 스테일이상치 29.1%로 19회차(34.1%)보다 소폭완화
[2026-07-17T08:55:23Z] 21회차 - 신규 96건/스킵 2486건(Cooldown45%/AlreadyActive34%/MaxConcurrent22%, DailyLossLimit 0건) - ExitReason TRAIL 41/SL 37/TIMEOUT 18 - 순손익 +38.525USDT(드라이런, 5연속 플러스, 건별평균+0.4013 역대최고 경신 - 20회차 하락은 1회성이었음 확인) - 변경: 없음(SL38.5%는 문턱아래+59.5%가 기존.cs스테일이슈, TIMEOUT+1.69매우양호, TRAIL giveback 6연속수렴은 기존.cs이슈, MaxConcurrent22%는 6번째요동관측) - TRAIL giveback 84.81~89.99%(16~21회차 6연속 84~94%수렴, 역대최소폭) - 스테일이상치 22.9%로 3연속완화(34.1→29.1→22.9%)하나 손실기여율은 84.3%로 오히려상승 - Buy/Sell스큐 재등장(Sell+0.629/65.8% vs Buy+0.252/56.9%, 4사이클만에 균형깨짐, 재현여부 관찰) - .ui로그 FUNDING-MGR예외1건은 타프로세스 무관사안
[2026-07-17T09:53:56Z] 22회차 - 신규 98건/스킵 1852건 - ExitReason TRAIL 48/SL 35/TIMEOUT 15 - 순손익 +38.894USDT(드라이런, 건별평균+0.3969, 6연속흑자) - 변경: 없음(TRAIL giveback 7연속84~95%수렴+스테일이상치15.3%(4연속개선,손실기여85.1%는유지) 둘 다 기존 .cs이슈 판단 유지, SL35.7%/TIMEOUT매우양호/Buy·Sell스큐는오실레이션(21회차와반대방향)/MaxConcurrent19%도노이즈 - 확신부족) - .ui로그 FUNDING-MGR예외1건은 컷오프이전(21회차 기보고분과 동일건) 확인, 신규아님
[2026-07-17T10:53:00Z] 23회차 - 신규 88건/스킵 1897건(DailyLossLimit133건 - 10:46:35Z 재소진, 다음회차 표본공백 예상) - ExitReason TRAIL 30/SL 41/TIMEOUT 17 - 순손익 +14.113USDT(드라이런, 건별평균+0.1604, 7연속흑자이나 이 구간중 최저) - 변경: 없음(TRAIL giveback 8연속84~91%수렴+스테일이상치19.3%(4연속개선후 반등, 손실기여81.7%) 둘 다 기존 .cs이슈 판단 유지, SL46.6%는문턱근접이나미달, Buy우세2연속은확신부족 - 확신부족) - 롤백조건 첫 성립(이번사이클<직전3사이클평균, 1/3연속) 다음회차 추이 주시
[2026-07-17T11:52:32Z] 24회차 - 신규 0건/스킵 1790건(전부 DailyLossLimit) - ExitReason 해당없음(표본0) - 순손익 해당없음 - 변경: 없음(표본없음, 23회차 말미 10:46:35Z 재소진 여파 지속) - 16회차 전례상 25회차에 해제될 가능성, .ui로그 예외1건은 기보고분과 동일건(신규아님), 롤백조건 카운트(1/3)는 판단보류 상태로 이월
[2026-07-17T12:53:02Z] 25회차 - 신규 0건/스킵 1979건(전부 DailyLossLimit) - ExitReason 해당없음(표본0) - 순손익 해당없음 - 변경: 없음(표본없음, 23회차 말미 10:46:35Z 재소진 여파 3회차째 지속) - 재소진후 경과 약2시간7분으로 16회차 최단해제전례(1h43m)를 이미 초과, 롤링윈도우 가설에 무게 실림. .ui로그 예외1건은 기보고분과 동일건(신규아님), 롤백조건 카운트(1/3)는 판단보류 상태로 이월
[2026-07-17T14:53:44Z] 26회차 - 신규 0건/스킵 6540건(전부 DailyLossLimit) - ExitReason 해당없음(표본0) - 순손익 해당없음 - 변경: 없음(표본없음, 23회차 말미 10:46:35Z 재소진 여파 4연속 지속) - 재소진후 경과 약4시간7분으로 16회차 최단해제전례(1h43m)와의 격차 확대, 5회차 최장전례(~8h47m)엔 아직 미달, 롤링윈도우 가설에 계속 무게
[2026-07-17T15:52:26Z] 27회차 - 신규 0건/스킵 1861건(전부 DailyLossLimit) - ExitReason 해당없음(표본0) - 순손익 해당없음 - 변경: 없음(표본없음, 23회차 말미 10:46:35Z 재소진 여파 5연속 지속) - 경과 약5시간6분, 16회차 최단전례(1h43m) 대비 격차 확대, 5회차 최장전례(~8h47m) 절반 초과, 로그파일 07-17/07-18 분할 시작(둘 다 이상없음 확인)
[2026-07-17T16:50:33Z] 28회차 - 신규 0건/스킵 1462건(전부 DailyLossLimit) - ExitReason 해당없음(표본0) - 순손익 해당없음 - 변경: 없음(표본없음, 23회차 말미 10:46:35Z 재소진 여파 6연속 지속) - 경과 약6시간4분, 5회차 최장전례(~8h47m)까지 약2시간43분 남음, .ui로그 예외2건(20260717/20260718 각1건)은 기보고분과 동일패턴(신규아님)
[2026-07-17T17:53:12Z] 29회차 - 신규 0건/스킵 다수(전부 DailyLossLimit) - ExitReason 해당없음(표본0) - 순손익 해당없음 - 변경: 없음(표본없음, 23회차 말미 10:46:35Z 재소진 여파 7연속 지속) - 경과 약7시간6분, 5회차 최장전례(~8h47m)까지 약1시간41분 남음(다음회차 도달/초과 여부 최우선 관전포인트), .ui로그 예외1건(20260718, 매시59분59초 반복건)은 기보고분과 동일패턴(신규아님) - CLAUDE_SPIKE.md 22~28회차 구간을 CLAUDE_SPIKE_ARCHIVE_20260717L.md로 압축
[2026-07-17T18:53:23Z] 30회차 - 신규 0건/스킵 641건(전부 DailyLossLimit) - ExitReason 해당없음(표본0) - 순손익 해당없음 - 변경: 없음(표본없음, 23회차 말미 10:46:35Z 재소진 여파 8연속 지속) - 경과 약8시간5분, 5회차 최장전례(~8h47m)까지 약42분 남음(다음회차 record 초과 가능성 높음), .ui로그 예외1건(20260718, 매시59분59초 반복건)은 기보고분과 동일패턴(신규아님)
